<?xml version="1.0" encoding="UTF-8"?>
<testsuites name="jest tests" tests="1" failures="0" errors="0" time="0.204">
  <testsuite name="calculator" errors="0" failures="0" skipped="0" timestamp="2026-03-19T14:37:27" time="0.164" tests="1">
    <testcase classname="calculator adds 1 + 2 to equal 3" name="calculator adds 1 + 2 to equal 3" time="0.001">
    </testcase>
  </testsuite>
</testsuites>